
> @ai-nvr/server@1.0.0 test
> jest src/__tests__/detector.test.ts

  console.log
    Motion detected on Test Cam! Sending notification...

      at DetectorManager.handleMotion (src/detector.ts:246:21)

C:\Users\wylie\.gemini\antigravity\scratch\ai-nvr-package\server\src\detector.ts:112
        logger_1.logger.info({ feedId: feed.id, name: feed.name }, 'Starting detection');
                        ^

[TypeError: Cannot read properties of undefined (reading 'info')]

Node.js v24.11.1
npm error Lifecycle script `test` failed with error:
npm error code 1
npm error path C:\Users\wylie\.gemini\antigravity\scratch\ai-nvr-package\server
npm error workspace @ai-nvr/server@1.0.0
npm error location C:\Users\wylie\.gemini\antigravity\scratch\ai-nvr-package\server
npm error command failed
npm error command C:\WINDOWS\system32\cmd.exe /d /s /c jest src/__tests__/detector.test.ts
